
Memory Configuration

Name             Origin             Length             Attributes
flash            0x0000000008000000 0x0000000000020000 xr
sram             0x0000000020000000 0x0000000000005000 xrw
*default*        0x0000000000000000 0xffffffffffffffff

Linker script and memory map


.text           0x0000000008000000      0x134
 *(.vectors*)
 .vectors       0x0000000008000000       0x1c statup.o
                0x0000000008000000                vectors
 *(.text*)
 .text          0x000000000800001c       0x7c main.o
                0x000000000800001c                main
 .text          0x0000000008000098       0x90 statup.o
                0x0000000008000098                NMI_Handler
                0x0000000008000098                H_Fault_Handler
                0x0000000008000098                MM_Fault_Handler
                0x0000000008000098                Usage_Fault_handler
                0x0000000008000098                Default_Handler
                0x0000000008000098                Bus_Fault_handler
                0x00000000080000a4                Reset_Handler
 *(.rodata)
 .rodata        0x0000000008000128        0xc main.o
                0x0000000008000128                val
                0x0000000008000134                _E_text = .

.glue_7         0x0000000008000134        0x0
 .glue_7        0x0000000008000134        0x0 linker stubs

.glue_7t        0x0000000008000134        0x0
 .glue_7t       0x0000000008000134        0x0 linker stubs

.vfp11_veneer   0x0000000008000134        0x0
 .vfp11_veneer  0x0000000008000134        0x0 linker stubs

.v4_bx          0x0000000008000134        0x0
 .v4_bx         0x0000000008000134        0x0 linker stubs

.iplt           0x0000000008000134        0x0
 .iplt          0x0000000008000134        0x0 main.o

.rel.dyn        0x0000000008000134        0x0
 .rel.iplt      0x0000000008000134        0x0 main.o

.data           0x0000000020000000       0x10 load address 0x0000000008000134
                0x0000000020000000                _S_DATA = .
 *(.data)
 .data          0x0000000020000000       0x10 main.o
                0x0000000020000000                R_ORD
                0x0000000020000004                val2
 .data          0x0000000020000010        0x0 statup.o
                0x0000000020000010                _E_DATA = .

.igot.plt       0x0000000020000010        0x0 load address 0x0000000008000144
 .igot.plt      0x0000000020000010        0x0 main.o

.bss            0x0000000020000010     0x1000 load address 0x0000000008000144
                0x0000000020000010                _S_bss = .
 *(.bss*)
 .bss           0x0000000020000010        0x0 main.o
 .bss           0x0000000020000010        0x0 statup.o
                0x0000000020000010                _E_bss = .
                0x0000000020000010                . = ALIGN (0x4)
                0x0000000020001010                . = (. + 0x1000)
 *fill*         0x0000000020000010     0x1000 
                0x0000000020001010                _stack_top = .
LOAD main.o
LOAD statup.o
OUTPUT(Baremetal_SW_stm.elf elf32-littlearm)

.debug_info     0x0000000000000000      0x32e
 .debug_info    0x0000000000000000      0x19d main.o
 .debug_info    0x000000000000019d      0x191 statup.o

.debug_abbrev   0x0000000000000000      0x1f5
 .debug_abbrev  0x0000000000000000      0x11d main.o
 .debug_abbrev  0x000000000000011d       0xd8 statup.o

.debug_loc      0x0000000000000000       0xb4
 .debug_loc     0x0000000000000000       0x38 main.o
 .debug_loc     0x0000000000000038       0x7c statup.o

.debug_aranges  0x0000000000000000       0x40
 .debug_aranges
                0x0000000000000000       0x20 main.o
 .debug_aranges
                0x0000000000000020       0x20 statup.o

.debug_line     0x0000000000000000      0x3d4
 .debug_line    0x0000000000000000      0x1e1 main.o
 .debug_line    0x00000000000001e1      0x1f3 statup.o

.debug_str      0x0000000000000000      0x213
 .debug_str     0x0000000000000000      0x194 main.o
                                        0x1d1 (size before relaxing)
 .debug_str     0x0000000000000194       0x7f statup.o
                                        0x213 (size before relaxing)

.comment        0x0000000000000000       0x7b
 .comment       0x0000000000000000       0x7b main.o
                                         0x7c (size before relaxing)
 .comment       0x000000000000007b       0x7c statup.o

.ARM.attributes
                0x0000000000000000       0x33
 .ARM.attributes
                0x0000000000000000       0x33 main.o
 .ARM.attributes
                0x0000000000000033       0x33 statup.o

.debug_frame    0x0000000000000000       0x7c
 .debug_frame   0x0000000000000000       0x2c main.o
 .debug_frame   0x000000000000002c       0x50 statup.o
